Archive member included to satisfy reference by file (symbol)

../lib//libstat.a(Bouton.o)   main.o (_ZN6BoutonC1Ev)
../lib//libstat.a(can.o)      main.o (_ZN3canD1Ev)
../lib//libstat.a(Carte.o)    main.o (_ZN5CarteC1Ev)
../lib//libstat.a(lcm_so1602dtr_m_fw.o)
                              main.o (_ZN3LCMC1EPVhS1_)
../lib//libstat.a(Point.o)    ../lib//libstat.a(Carte.o) (_ZN5PointC1Ev)
../lib//libstat.a(Robot.o)    main.o (_ZN5RobotC1Ev)
../lib//libstat.a(Arc.o)      ../lib//libstat.a(Carte.o) (_ZN3ArcC1Ev)
../lib//libstat.a(CapteurInfraRouge.o)
                              ../lib//libstat.a(Robot.o) (_ZN17CapteurInfraRouge15setPlacementPinEh)
../lib//libstat.a(CapteurMakerLine.o)
                              ../lib//libstat.a(Robot.o) (_ZN16CapteurMakerLineC1Ev)
../lib//libstat.a(customprocs.o)
                              ../lib//libstat.a(lcm_so1602dtr_m_fw.o) (_Z9cp_strlenPKc)
../lib//libstat.a(lcm_so1602dtr_m.o)
                              ../lib//libstat.a(lcm_so1602dtr_m_fw.o) (_Z15lcmd_disp_clearPVh)
../lib//libstat.a(Led.o)      ../lib//libstat.a(Robot.o) (_ZN3Led8eteindreEv)
../lib//libstat.a(Minuterie.o)
                              ../lib//libstat.a(Robot.o) (_ZN9MinuterieC1Ev)
../lib//libstat.a(Moteur.o)   ../lib//libstat.a(Robot.o) (_ZN6MoteurC1Ev)
/usr/lib/gcc/avr/11.2.0/avr5/libgcc.a(_udivmodhi4.o)
                              ../lib//libstat.a(CapteurInfraRouge.o) (__udivmodhi4)
/usr/lib/gcc/avr/11.2.0/avr5/libgcc.a(_exit.o)
                              /usr/lib/gcc/avr/11.2.0/../../../../avr/lib/avr5/crtatmega324pa.o (exit)
/usr/lib/gcc/avr/11.2.0/avr5/libgcc.a(_tablejump2.o)
                              main.o (__tablejump2__)
/usr/lib/gcc/avr/11.2.0/avr5/libgcc.a(_copy_data.o)
                              main.o (__do_copy_data)
/usr/lib/gcc/avr/11.2.0/avr5/libgcc.a(_clear_bss.o)
                              main.o (__do_clear_bss)
/usr/lib/gcc/avr/11.2.0/avr5/libgcc.a(_ctors.o)
                              main.o (__do_global_ctors)
/usr/lib/gcc/avr/11.2.0/avr5/libgcc.a(_dtors.o)
                              main.o (__do_global_dtors)
/usr/lib/gcc/avr/11.2.0/../../../../avr/lib/avr5/libc.a(malloc.o)
                              ../lib//libstat.a(lcm_so1602dtr_m_fw.o) (malloc)
/usr/lib/gcc/avr/11.2.0/../../../../avr/lib/avr5/libc.a(sprintf.o)
                              ../lib//libstat.a(lcm_so1602dtr_m_fw.o) (sprintf)
/usr/lib/gcc/avr/11.2.0/../../../../avr/lib/avr5/libc.a(vfprintf_std.o)
                              /usr/lib/gcc/avr/11.2.0/../../../../avr/lib/avr5/libc.a(sprintf.o) (vfprintf)
/usr/lib/gcc/avr/11.2.0/../../../../avr/lib/avr5/libc.a(strnlen_P.o)
                              /usr/lib/gcc/avr/11.2.0/../../../../avr/lib/avr5/libc.a(vfprintf_std.o) (strnlen_P)
/usr/lib/gcc/avr/11.2.0/../../../../avr/lib/avr5/libc.a(strnlen.o)
                              /usr/lib/gcc/avr/11.2.0/../../../../avr/lib/avr5/libc.a(vfprintf_std.o) (strnlen)
/usr/lib/gcc/avr/11.2.0/../../../../avr/lib/avr5/libc.a(fputc.o)
                              /usr/lib/gcc/avr/11.2.0/../../../../avr/lib/avr5/libc.a(vfprintf_std.o) (fputc)
/usr/lib/gcc/avr/11.2.0/../../../../avr/lib/avr5/libc.a(ultoa_invert.o)
                              /usr/lib/gcc/avr/11.2.0/../../../../avr/lib/avr5/libc.a(vfprintf_std.o) (__ultoa_invert)
/usr/lib/gcc/avr/11.2.0/avr5/libgcc.a(_prologue.o)
                              /usr/lib/gcc/avr/11.2.0/../../../../avr/lib/avr5/libc.a(sprintf.o) (__prologue_saves__)
/usr/lib/gcc/avr/11.2.0/avr5/libgcc.a(_epilogue.o)
                              /usr/lib/gcc/avr/11.2.0/../../../../avr/lib/avr5/libc.a(sprintf.o) (__epilogue_restores__)

Memory Configuration

Name             Origin             Length             Attributes
text             0x00000000         0x00008000         xr
data             0x00800100         0x00000800         rw!x
eeprom           0x00810000         0x00000400         rw!x
fuse             0x00820000         0x00000003         rw!x
lock             0x00830000         0x00000400         rw!x
signature        0x00840000         0x00000400         rw!x
user_signatures  0x00850000         0x00000400         rw!x
*default*        0x00000000         0xffffffff

Linker script and memory map

Address of section .data set to 0x800100
LOAD /usr/lib/gcc/avr/11.2.0/../../../../avr/lib/avr5/crtatmega324pa.o
LOAD main.o
LOAD /usr/lib/gcc/avr/11.2.0/../../../../avr/lib/avr5/libm.a
LOAD ../lib//libstat.a
START GROUP
LOAD /usr/lib/gcc/avr/11.2.0/avr5/libgcc.a
LOAD /usr/lib/gcc/avr/11.2.0/../../../../avr/lib/avr5/libm.a
LOAD /usr/lib/gcc/avr/11.2.0/../../../../avr/lib/avr5/libc.a
LOAD /usr/lib/gcc/avr/11.2.0/../../../../avr/lib/avr5/libatmega324pa.a
END GROUP
                [0x00008000]                      __TEXT_REGION_LENGTH__ = DEFINED (__TEXT_REGION_LENGTH__)?__TEXT_REGION_LENGTH__:0x20000
                [0x00800100]                      __DATA_REGION_ORIGIN__ = DEFINED (__DATA_REGION_ORIGIN__)?__DATA_REGION_ORIGIN__:0x800060
                [0x00000800]                      __DATA_REGION_LENGTH__ = DEFINED (__DATA_REGION_LENGTH__)?__DATA_REGION_LENGTH__:0xffa0
                [0x00000400]                      __EEPROM_REGION_LENGTH__ = DEFINED (__EEPROM_REGION_LENGTH__)?__EEPROM_REGION_LENGTH__:0x10000
                [0x00000003]                      __FUSE_REGION_LENGTH__ = DEFINED (__FUSE_REGION_LENGTH__)?__FUSE_REGION_LENGTH__:0x400
                0x00000400                        __LOCK_REGION_LENGTH__ = DEFINED (__LOCK_REGION_LENGTH__)?__LOCK_REGION_LENGTH__:0x400
                0x00000400                        __SIGNATURE_REGION_LENGTH__ = DEFINED (__SIGNATURE_REGION_LENGTH__)?__SIGNATURE_REGION_LENGTH__:0x400
                0x00000400                        __USER_SIGNATURE_REGION_LENGTH__ = DEFINED (__USER_SIGNATURE_REGION_LENGTH__)?__USER_SIGNATURE_REGION_LENGTH__:0x400

.hash
 *(.hash)

.dynsym
 *(.dynsym)

.dynstr
 *(.dynstr)

.gnu.version
 *(.gnu.version)

.gnu.version_d
 *(.gnu.version_d)

.gnu.version_r
 *(.gnu.version_r)

.rel.init
 *(.rel.init)

.rela.init
 *(.rela.init)

.rel.text
 *(.rel.text)
 *(.rel.text.*)
 *(.rel.gnu.linkonce.t*)

.rela.text
 *(.rela.text)
 *(.rela.text.*)
 *(.rela.gnu.linkonce.t*)

.rel.fini
 *(.rel.fini)

.rela.fini
 *(.rela.fini)

.rel.rodata
 *(.rel.rodata)
 *(.rel.rodata.*)
 *(.rel.gnu.linkonce.r*)

.rela.rodata
 *(.rela.rodata)
 *(.rela.rodata.*)
 *(.rela.gnu.linkonce.r*)

.rel.data
 *(.rel.data)
 *(.rel.data.*)
 *(.rel.gnu.linkonce.d*)

.rela.data
 *(.rela.data)
 *(.rela.data.*)
 *(.rela.gnu.linkonce.d*)

.rel.ctors
 *(.rel.ctors)

.rela.ctors
 *(.rela.ctors)

.rel.dtors
 *(.rel.dtors)

.rela.dtors
 *(.rela.dtors)

.rel.got
 *(.rel.got)

.rela.got
 *(.rela.got)

.rel.bss
 *(.rel.bss)

.rela.bss
 *(.rela.bss)

.rel.plt
 *(.rel.plt)

.rela.plt
 *(.rela.plt)

.text           0x00000000     0x26d2
 *(.vectors)
 .vectors       0x00000000       0x7c /usr/lib/gcc/avr/11.2.0/../../../../avr/lib/avr5/crtatmega324pa.o
                0x00000000                __vectors
                0x00000000                __vector_default
 *(.vectors)
 *(.progmem.gcc*)
                0x0000007c                        . = ALIGN (0x2)
                0x0000007c                        __trampolines_start = .
 *(.trampolines)
 .trampolines   0x0000007c        0x0 linker stubs
 *(.trampolines*)
                0x0000007c                        __trampolines_end = .
 *libprintf_flt.a:*(.progmem.data)
 *libc.a:*(.progmem.data)
 *(.progmem.*)
                0x0000007c                        . = ALIGN (0x2)
 *(.lowtext)
 *(.lowtext*)
                0x0000007c                        __ctors_start = .
 *(.ctors)
 .ctors         0x0000007c        0x2 main.o
                0x0000007e                        __ctors_end = .
                0x0000007e                        __dtors_start = .
 *(.dtors)
 .dtors         0x0000007e        0x2 main.o
                0x00000080                        __dtors_end = .
 SORT_BY_NAME(*)(.ctors)
 SORT_BY_NAME(*)(.dtors)
 *(.init0)
 .init0         0x00000080        0x0 /usr/lib/gcc/avr/11.2.0/../../../../avr/lib/avr5/crtatmega324pa.o
                0x00000080                __init
 *(.init0)
 *(.init1)
 *(.init1)
 *(.init2)
 .init2         0x00000080        0xc /usr/lib/gcc/avr/11.2.0/../../../../avr/lib/avr5/crtatmega324pa.o
 *(.init2)
 *(.init3)
 *(.init3)
 *(.init4)
 .init4         0x0000008c       0x16 /usr/lib/gcc/avr/11.2.0/avr5/libgcc.a(_copy_data.o)
                0x0000008c                __do_copy_data
 .init4         0x000000a2       0x10 /usr/lib/gcc/avr/11.2.0/avr5/libgcc.a(_clear_bss.o)
                0x000000a2                __do_clear_bss
 *(.init4)
 *(.init5)
 *(.init5)
 *(.init6)
 .init6         0x000000b2       0x16 /usr/lib/gcc/avr/11.2.0/avr5/libgcc.a(_ctors.o)
                0x000000b2                __do_global_ctors
 *(.init6)
 *(.init7)
 *(.init7)
 *(.init8)
 *(.init8)
 *(.init9)
 .init9         0x000000c8        0x8 /usr/lib/gcc/avr/11.2.0/../../../../avr/lib/avr5/crtatmega324pa.o
 *(.init9)
 *(.text)
 .text          0x000000d0        0x4 /usr/lib/gcc/avr/11.2.0/../../../../avr/lib/avr5/crtatmega324pa.o
                0x000000d0                __vector_22
                0x000000d0                __vector_28
                0x000000d0                __vector_24
                0x000000d0                __vector_12
                0x000000d0                __bad_interrupt
                0x000000d0                __vector_6
                0x000000d0                __vector_23
                0x000000d0                __vector_30
                0x000000d0                __vector_25
                0x000000d0                __vector_11
                0x000000d0                __vector_13
                0x000000d0                __vector_17
                0x000000d0                __vector_19
                0x000000d0                __vector_7
                0x000000d0                __vector_27
                0x000000d0                __vector_5
                0x000000d0                __vector_4
                0x000000d0                __vector_21
                0x000000d0                __vector_15
                0x000000d0                __vector_29
                0x000000d0                __vector_8
                0x000000d0                __vector_26
                0x000000d0                __vector_14
                0x000000d0                __vector_10
                0x000000d0                __vector_18
                0x000000d0                __vector_20
 .text          0x000000d4      0x5dc main.o
                0x000000d4                __vector_9
                0x0000014e                __vector_16
                0x0000019a                __vector_1
                0x000001f0                __vector_2
                0x00000246                __vector_3
                0x0000029c                _Z12afficherCoinh
                0x00000346                _Z20selectionTrajetLignev
                0x00000430                _Z16validationTrajetv
                0x0000052a                _Z22selectionTrajetColonnev
 .text          0x000006b0       0x94 ../lib//libstat.a(Bouton.o)
                0x000006b0                _ZN6BoutonC2Ev
                0x000006b0                _ZN6BoutonC1Ev
                0x000006b8                _ZN6Bouton8debounceEv
                0x000006ce                _ZN6Bouton17debounceSelectionEv
                0x000006e8                _ZN6Bouton18debounceValidationEv
                0x00000708                _ZN6Bouton28initialisationInterruptionD2Ev
                0x0000071c                _ZN6Bouton35initialisationInterruptionSelectionEv
                0x00000730                _ZN6Bouton36initialisationInterruptionValidationEv
 .text          0x00000744       0x58 ../lib//libstat.a(can.o)
                0x00000744                _ZN3canC2Ev
                0x00000744                _ZN3canC1Ev
                0x00000750                _ZN3canD1Ev
                0x00000750                _ZN3canD2Ev
                0x00000756                _ZN3can7lectureEh
 .text          0x0000079c      0x246 ../lib//libstat.a(Carte.o)
                0x0000079c                _ZN5CarteC2Ev
                0x0000079c                _ZN5CarteC1Ev
                0x000008dc                _ZN5Carte16distanceMinimaleEhPhS0_h
                0x00000994                _ZN5Carte12retirerPointEPhRhh
                0x000009dc                _ZN5Carte8dijkstraEhh
 .text          0x000009e2      0x3c6 ../lib//libstat.a(lcm_so1602dtr_m_fw.o)
                0x000009e2                _ZN3LCMC1EPVhS1_
                0x000009e2                _ZN3LCMC2EPVhS1_
                0x00000a1e                _ZN3LCMD1Ev
                0x00000a1e                _ZN3LCMD2Ev
                0x00000a28                _ZN3LCM8en_blinkEb
                0x00000a4a                _ZN3LCM6en_curEb
                0x00000a6a                _ZN3LCM12set_bc_indexEh
                0x00000a86                _ZN3LCM5clearEv
                0x00000bc6                _ZN3LCM5writeEPKchb
                0x00000bd2                _ZN3LCM3putEc
                0x00000c06                _ZN3LCM8build_ccEhPKh
                0x00000c56                _ZN3LCMlsEPKc
                0x00000c74                _ZN3LCMlsEj
                0x00000cb0                _ZN3LCMlsEi
                0x00000cec                _ZN3LCMlsEc
                0x00000d28                _ZN3LCMaSEPKc
                0x00000d5e                _ZN3LCMixEh
                0x00000d6e                _ZN3LCMmIEh
 .text          0x00000da8       0x1e ../lib//libstat.a(Point.o)
                0x00000da8                _ZN5PointC2Ev
                0x00000da8                _ZN5PointC1Ev
                0x00000daa                _ZN5PointC1Ehhh
                0x00000daa                _ZN5PointC2Ehhh
                0x00000db4                _ZNK5Point4getXEv
                0x00000dba                _ZNK5Point4getYEv
                0x00000dc0                _ZNK5Point5getIdEv
 .text          0x00000dc6      0x780 ../lib//libstat.a(Robot.o)
                0x00000dc6                _ZN5RobotC1Ev
                0x00000dc6                _ZN5RobotC2Ev
                0x00000e5c                _ZN5Robot15clignoteVert4hzEv
                0x00000e82                _ZN5Robot23eteindreClignotement4hzEv
                0x00000e9a                _ZN5Robot13allumeLedVertEv
                0x00000ea8                _ZN5Robot14allumeLedRougeEv
                0x00000eb6                _ZN5Robot11eteindreLedEv
                0x00000ec0                _ZN5Robot15getEtatLedRobotEv
                0x00000ec6                _ZN5Robot15recherchePoteauEv
                0x00000ede                _ZN5Robot19immobilisationRobotEv
                0x00000ee4                _ZN5Robot16robotRoulerDroitEh
                0x00000f04                _ZN5Robot17robotTourneGaucheEh
                0x00000f8a                _ZN5Robot17robotTourneDroiteEh
                0x00001010                _ZN5Robot14robotTourne180Eh
                0x0000106c                _ZN5Robot12setDirectionEh
                0x00001072                _ZN5Robot17reactionAuxLignesEhh
                0x0000118c                _ZN5Robot21getCombinaisonTrouveeEv
                0x00001192                _ZN5Robot24incrementeCompteurTimer0Ev
                0x0000119c                _ZN5Robot14collecteDonneeEh
                0x000013bc                _ZN5Robot22identificationPositionEv
                0x00001448                _ZN5Robot13tournerGaucheEv
                0x00001474                _ZN5Robot13tournerDroiteEv
                0x000014a0                _ZN5Robot14allerToutDroitEv
                0x000014be                _ZN5Robot11faireTrajetEPh
 .text          0x00001546       0x2e ../lib//libstat.a(Arc.o)
                0x00001546                _ZN3ArcC1Ev
                0x00001546                _ZN3ArcC2Ev
                0x00001548                _ZN3ArcC2Ehhh
                0x00001548                _ZN3ArcC1Ehhh
                0x00001556                _ZNK3Arc10getPointIdEv
                0x0000155c                _ZNK3Arc17getPointSuivantIdEv
                0x00001562                _ZNK3Arc7getEtatEv
                0x00001568                _ZNK3Arc8getPoidsEv
                0x0000156e                _ZN3Arc7setEtatEh
 .text          0x00001574       0xba ../lib//libstat.a(CapteurInfraRouge.o)
                0x00001574                _ZN17CapteurInfraRougeC2Eh
                0x00001574                _ZN17CapteurInfraRougeC1Eh
                0x0000158e                _ZN17CapteurInfraRouge15setPlacementPinEh
                0x00001598                _ZN17CapteurInfraRouge23lectureSignalInfraRougeEv
                0x000015fc                _ZN17CapteurInfraRouge10uneLectureEv
                0x0000161a                _ZN17CapteurInfraRouge12poteauTrouveEv
                0x00001628                _ZN17CapteurInfraRouge19getVoltageNumeriqueEv
 .text          0x0000162e      0x104 ../lib//libstat.a(CapteurMakerLine.o)
                0x0000162e                _ZN16CapteurMakerLineC2Ev
                0x0000162e                _ZN16CapteurMakerLineC1Ev
                0x00001636                _ZN16CapteurMakerLine18IntersectionGaucheEv
                0x00001662                _ZN16CapteurMakerLine18IntersectionDroiteEv
                0x0000168c                _ZN16CapteurMakerLine11CheminDroitEv
                0x000016ae                _ZN16CapteurMakerLine17CheminDroitDroiteEv
                0x000016d0                _ZN16CapteurMakerLine17CheminDroitGaucheEv
                0x000016f2                _ZN16CapteurMakerLine18GrosseIntersectionEv
                0x00001700                _ZN16CapteurMakerLine11DetecteRienEv
                0x0000170c                _ZN16CapteurMakerLine17DetectionTournageEv
 .text          0x00001732       0x98 ../lib//libstat.a(customprocs.o)
                0x00001732                _Z9cp_strlenPKc
                0x00001748                _Z7cp_itoaPcjh
                0x000017ac                _Z10cp_wait_msj
 .text          0x000017ca      0x1de ../lib//libstat.a(lcm_so1602dtr_m.o)
                0x0000184c                _Z15lcmd_disp_clearPVh
                0x00001858                _Z14lcmd_disp_homePVh
                0x00001864                _Z13lcmd_entry_smhhPVh
                0x00001874                _Z16lcmd_disp_on_offhhhPVh
                0x0000188c                _Z19lcmd_disp_cur_shifthhPVh
                0x000018aa                _Z13lcmd_func_sethhPVh
                0x000018c8                _Z17lcmd_cgr_set_addrhPVh
                0x000018d8                _Z17lcmd_ddr_set_addrhPVh
                0x000018e6                _Z10lcmd_writehPVh
                0x000018f2                _Z14lcmd_init_4bitPVhS0_
 .text          0x000019a8      0x122 ../lib//libstat.a(Led.o)
                0x000019a8                _ZN3LedC2EPVhhh
                0x000019a8                _ZN3LedC1EPVhhh
                0x000019b4                _ZN3Led8eteindreEv
                0x000019ee                _ZN3Led14initialisationEPVhhh
                0x000019fa                _ZN3Led11allumerVertEv
                0x00001a2e                _ZN3Led12allumerRougeEv
                0x00001a66                _ZN3Led12allumerAmbreEj
 .text          0x00001aca       0x88 ../lib//libstat.a(Minuterie.o)
                0x00001aca                _ZN9MinuterieC2Ev
                0x00001aca                _ZN9MinuterieC1Ev
                0x00001acc                _ZN9Minuterie25activerInterruptionTimer2Ev
                0x00001ad8                _ZN9Minuterie28desactiverInterruptionTimer2Ev
                0x00001ae4                _ZN9Minuterie15partirTimer2CTCEh
                0x00001b02                _ZN9Minuterie19desactivationTimer2Ev
                0x00001b1a                _ZN9Minuterie25activerInterruptionTimer0Ev
                0x00001b26                _ZN9Minuterie28desactiverInterruptionTimer0Ev
                0x00001b32                _ZN9Minuterie15partirTimer0CTCEh
                0x00001b44                _ZN9Minuterie19desactivationTimer0Ev
 .text          0x00001b52      0x212 ../lib//libstat.a(Moteur.o)
                0x00001b78                _ZN6MoteurC1Ev
                0x00001b78                _ZN6MoteurC2Ev
                0x00001b90                _ZN6Moteur25initialiseDirectionMoteurE9DirectionS0_
                0x00001bba                _ZN6Moteur14initialisationEv
                0x00001bee                _ZN6Moteur18initialiseRatioPWMEhh
                0x00001c04                _ZN6Moteur25initialiseDirectionAvanceEv
                0x00001c0c                _ZN6Moteur26initialiseDirectionReculerEv
                0x00001c14                _ZN6Moteur15roulerToutDroitEh
                0x00001c50                _ZN6Moteur13tournerGaucheEh
                0x00001ca4                _ZN6Moteur13tournerDroiteEh
                0x00001cf8                _ZN6Moteur16tourner180GaucheEh
                0x00001d4c                _ZN6Moteur13arreterMoteurEv
 .text          0x00001d64        0x0 /usr/lib/gcc/avr/11.2.0/avr5/libgcc.a(_udivmodhi4.o)
 .text          0x00001d64        0x0 /usr/lib/gcc/avr/11.2.0/avr5/libgcc.a(_exit.o)
 .text          0x00001d64        0x0 /usr/lib/gcc/avr/11.2.0/avr5/libgcc.a(_tablejump2.o)
 .text          0x00001d64        0x0 /usr/lib/gcc/avr/11.2.0/avr5/libgcc.a(_copy_data.o)
 .text          0x00001d64        0x0 /usr/lib/gcc/avr/11.2.0/avr5/libgcc.a(_clear_bss.o)
 .text          0x00001d64        0x0 /usr/lib/gcc/avr/11.2.0/avr5/libgcc.a(_ctors.o)
 .text          0x00001d64        0x0 /usr/lib/gcc/avr/11.2.0/avr5/libgcc.a(_dtors.o)
 .text          0x00001d64        0x0 /usr/lib/gcc/avr/11.2.0/../../../../avr/lib/avr5/libc.a(malloc.o)
 .text          0x00001d64        0x0 /usr/lib/gcc/avr/11.2.0/../../../../avr/lib/avr5/libc.a(sprintf.o)
 .text          0x00001d64        0x0 /usr/lib/gcc/avr/11.2.0/../../../../avr/lib/avr5/libc.a(vfprintf_std.o)
 .text          0x00001d64        0x0 /usr/lib/gcc/avr/11.2.0/../../../../avr/lib/avr5/libc.a(strnlen_P.o)
 .text          0x00001d64        0x0 /usr/lib/gcc/avr/11.2.0/../../../../avr/lib/avr5/libc.a(strnlen.o)
 .text          0x00001d64        0x0 /usr/lib/gcc/avr/11.2.0/../../../../avr/lib/avr5/libc.a(fputc.o)
 .text          0x00001d64        0x0 /usr/lib/gcc/avr/11.2.0/../../../../avr/lib/avr5/libc.a(ultoa_invert.o)
 .text          0x00001d64        0x0 /usr/lib/gcc/avr/11.2.0/avr5/libgcc.a(_prologue.o)
 .text          0x00001d64        0x0 /usr/lib/gcc/avr/11.2.0/avr5/libgcc.a(_epilogue.o)
                0x00001d64                        . = ALIGN (0x2)
 *(.text.*)
 .text.startup  0x00001d64      0x10e main.o
                0x00001d64                main
 .text.exit     0x00001e72       0x10 main.o
 .text.libgcc.mul
                0x00001e82        0x0 /usr/lib/gcc/avr/11.2.0/avr5/libgcc.a(_udivmodhi4.o)
 .text.libgcc.div
                0x00001e82       0x28 /usr/lib/gcc/avr/11.2.0/avr5/libgcc.a(_udivmodhi4.o)
                0x00001e82                __udivmodhi4
 .text.libgcc   0x00001eaa        0x0 /usr/lib/gcc/avr/11.2.0/avr5/libgcc.a(_udivmodhi4.o)
 .text.libgcc.prologue
                0x00001eaa        0x0 /usr/lib/gcc/avr/11.2.0/avr5/libgcc.a(_udivmodhi4.o)
 .text.libgcc.builtins
                0x00001eaa        0x0 /usr/lib/gcc/avr/11.2.0/avr5/libgcc.a(_udivmodhi4.o)
 .text.libgcc.fmul
                0x00001eaa        0x0 /usr/lib/gcc/avr/11.2.0/avr5/libgcc.a(_udivmodhi4.o)
 .text.libgcc.fixed
                0x00001eaa        0x0 /usr/lib/gcc/avr/11.2.0/avr5/libgcc.a(_udivmodhi4.o)
 .text.libgcc.mul
                0x00001eaa        0x0 /usr/lib/gcc/avr/11.2.0/avr5/libgcc.a(_exit.o)
 .text.libgcc.div
                0x00001eaa        0x0 /usr/lib/gcc/avr/11.2.0/avr5/libgcc.a(_exit.o)
 .text.libgcc   0x00001eaa        0x0 /usr/lib/gcc/avr/11.2.0/avr5/libgcc.a(_exit.o)
 .text.libgcc.prologue
                0x00001eaa        0x0 /usr/lib/gcc/avr/11.2.0/avr5/libgcc.a(_exit.o)
 .text.libgcc.builtins
                0x00001eaa        0x0 /usr/lib/gcc/avr/11.2.0/avr5/libgcc.a(_exit.o)
 .text.libgcc.fmul
                0x00001eaa        0x0 /usr/lib/gcc/avr/11.2.0/avr5/libgcc.a(_exit.o)
 .text.libgcc.fixed
                0x00001eaa        0x0 /usr/lib/gcc/avr/11.2.0/avr5/libgcc.a(_exit.o)
 .text.libgcc.mul
                0x00001eaa        0x0 /usr/lib/gcc/avr/11.2.0/avr5/libgcc.a(_tablejump2.o)
 .text.libgcc.div
                0x00001eaa        0x0 /usr/lib/gcc/avr/11.2.0/avr5/libgcc.a(_tablejump2.o)
 .text.libgcc   0x00001eaa        0xc /usr/lib/gcc/avr/11.2.0/avr5/libgcc.a(_tablejump2.o)
                0x00001eaa                __tablejump2__
 .text.libgcc.prologue
                0x00001eb6        0x0 /usr/lib/gcc/avr/11.2.0/avr5/libgcc.a(_tablejump2.o)
 .text.libgcc.builtins
                0x00001eb6        0x0 /usr/lib/gcc/avr/11.2.0/avr5/libgcc.a(_tablejump2.o)
 .text.libgcc.fmul
                0x00001eb6        0x0 /usr/lib/gcc/avr/11.2.0/avr5/libgcc.a(_tablejump2.o)
 .text.libgcc.fixed
                0x00001eb6        0x0 /usr/lib/gcc/avr/11.2.0/avr5/libgcc.a(_tablejump2.o)
 .text.libgcc.mul
                0x00001eb6        0x0 /usr/lib/gcc/avr/11.2.0/avr5/libgcc.a(_copy_data.o)
 .text.libgcc.div
                0x00001eb6        0x0 /usr/lib/gcc/avr/11.2.0/avr5/libgcc.a(_copy_data.o)
 .text.libgcc   0x00001eb6        0x0 /usr/lib/gcc/avr/11.2.0/avr5/libgcc.a(_copy_data.o)
 .text.libgcc.prologue
                0x00001eb6        0x0 /usr/lib/gcc/avr/11.2.0/avr5/libgcc.a(_copy_data.o)
 .text.libgcc.builtins
                0x00001eb6        0x0 /usr/lib/gcc/avr/11.2.0/avr5/libgcc.a(_copy_data.o)
 .text.libgcc.fmul
                0x00001eb6        0x0 /usr/lib/gcc/avr/11.2.0/avr5/libgcc.a(_copy_data.o)
 .text.libgcc.fixed
                0x00001eb6        0x0 /usr/lib/gcc/avr/11.2.0/avr5/libgcc.a(_copy_data.o)
 .text.libgcc.mul
                0x00001eb6        0x0 /usr/lib/gcc/avr/11.2.0/avr5/libgcc.a(_clear_bss.o)
 .text.libgcc.div
                0x00001eb6        0x0 /usr/lib/gcc/avr/11.2.0/avr5/libgcc.a(_clear_bss.o)
 .text.libgcc   0x00001eb6        0x0 /usr/lib/gcc/avr/11.2.0/avr5/libgcc.a(_clear_bss.o)
 .text.libgcc.prologue
                0x00001eb6        0x0 /usr/lib/gcc/avr/11.2.0/avr5/libgcc.a(_clear_bss.o)
 .text.libgcc.builtins
                0x00001eb6        0x0 /usr/lib/gcc/avr/11.2.0/avr5/libgcc.a(_clear_bss.o)
 .text.libgcc.fmul
                0x00001eb6        0x0 /usr/lib/gcc/avr/11.2.0/avr5/libgcc.a(_clear_bss.o)
 .text.libgcc.fixed
                0x00001eb6        0x0 /usr/lib/gcc/avr/11.2.0/avr5/libgcc.a(_clear_bss.o)
 .text.libgcc.mul
                0x00001eb6        0x0 /usr/lib/gcc/avr/11.2.0/avr5/libgcc.a(_ctors.o)
 .text.libgcc.div
                0x00001eb6        0x0 /usr/lib/gcc/avr/11.2.0/avr5/libgcc.a(_ctors.o)
 .text.libgcc   0x00001eb6        0x0 /usr/lib/gcc/avr/11.2.0/avr5/libgcc.a(_ctors.o)
 .text.libgcc.prologue
                0x00001eb6        0x0 /usr/lib/gcc/avr/11.2.0/avr5/libgcc.a(_ctors.o)
 .text.libgcc.builtins
                0x00001eb6        0x0 /usr/lib/gcc/avr/11.2.0/avr5/libgcc.a(_ctors.o)
 .text.libgcc.fmul
                0x00001eb6        0x0 /usr/lib/gcc/avr/11.2.0/avr5/libgcc.a(_ctors.o)
 .text.libgcc.fixed
                0x00001eb6        0x0 /usr/lib/gcc/avr/11.2.0/avr5/libgcc.a(_ctors.o)
 .text.libgcc.mul
                0x00001eb6        0x0 /usr/lib/gcc/avr/11.2.0/avr5/libgcc.a(_dtors.o)
 .text.libgcc.div
                0x00001eb6        0x0 /usr/lib/gcc/avr/11.2.0/avr5/libgcc.a(_dtors.o)
 .text.libgcc   0x00001eb6        0x0 /usr/lib/gcc/avr/11.2.0/avr5/libgcc.a(_dtors.o)
 .text.libgcc.prologue
                0x00001eb6        0x0 /usr/lib/gcc/avr/11.2.0/avr5/libgcc.a(_dtors.o)
 .text.libgcc.builtins
                0x00001eb6        0x0 /usr/lib/gcc/avr/11.2.0/avr5/libgcc.a(_dtors.o)
 .text.libgcc.fmul
                0x00001eb6        0x0 /usr/lib/gcc/avr/11.2.0/avr5/libgcc.a(_dtors.o)
 .text.libgcc.fixed
                0x00001eb6        0x0 /usr/lib/gcc/avr/11.2.0/avr5/libgcc.a(_dtors.o)
 .text.avr-libc
                0x00001eb6      0x250 /usr/lib/gcc/avr/11.2.0/../../../../avr/lib/avr5/libc.a(malloc.o)
                0x00001eb6                malloc
                0x00001fe2                free
 .text.avr-libc
                0x00002106       0x46 /usr/lib/gcc/avr/11.2.0/../../../../avr/lib/avr5/libc.a(sprintf.o)
                0x00002106                sprintf
 .text.avr-libc
                0x0000214c      0x3a6 /usr/lib/gcc/avr/11.2.0/../../../../avr/lib/avr5/libc.a(vfprintf_std.o)
                0x0000214c                vfprintf
 .text.avr-libc
                0x000024f2       0x16 /usr/lib/gcc/avr/11.2.0/../../../../avr/lib/avr5/libc.a(strnlen_P.o)
                0x000024f2                strnlen_P
 .text.avr-libc
                0x00002508       0x16 /usr/lib/gcc/avr/11.2.0/../../../../avr/lib/avr5/libc.a(strnlen.o)
                0x00002508                strnlen
 .text.avr-libc
                0x0000251e       0x60 /usr/lib/gcc/avr/11.2.0/../../../../avr/lib/avr5/libc.a(fputc.o)
                0x0000251e                fputc
 .text.avr-libc
                0x0000257e       0xbc /usr/lib/gcc/avr/11.2.0/../../../../avr/lib/avr5/libc.a(ultoa_invert.o)
                0x0000257e                __ultoa_invert
 .text.libgcc.mul
                0x0000263a        0x0 /usr/lib/gcc/avr/11.2.0/avr5/libgcc.a(_prologue.o)
 .text.libgcc.div
                0x0000263a        0x0 /usr/lib/gcc/avr/11.2.0/avr5/libgcc.a(_prologue.o)
 .text.libgcc   0x0000263a        0x0 /usr/lib/gcc/avr/11.2.0/avr5/libgcc.a(_prologue.o)
 .text.libgcc.prologue
                0x0000263a       0x38 /usr/lib/gcc/avr/11.2.0/avr5/libgcc.a(_prologue.o)
                0x0000263a                __prologue_saves__
 .text.libgcc.builtins
                0x00002672        0x0 /usr/lib/gcc/avr/11.2.0/avr5/libgcc.a(_prologue.o)
 .text.libgcc.fmul
                0x00002672        0x0 /usr/lib/gcc/avr/11.2.0/avr5/libgcc.a(_prologue.o)
 .text.libgcc.fixed
                0x00002672        0x0 /usr/lib/gcc/avr/11.2.0/avr5/libgcc.a(_prologue.o)
 .text.libgcc.mul
                0x00002672        0x0 /usr/lib/gcc/avr/11.2.0/avr5/libgcc.a(_epilogue.o)
 .text.libgcc.div
                0x00002672        0x0 /usr/lib/gcc/avr/11.2.0/avr5/libgcc.a(_epilogue.o)
 .text.libgcc   0x00002672        0x0 /usr/lib/gcc/avr/11.2.0/avr5/libgcc.a(_epilogue.o)
 .text.libgcc.prologue
                0x00002672       0x36 /usr/lib/gcc/avr/11.2.0/avr5/libgcc.a(_epilogue.o)
                0x00002672                __epilogue_restores__
 .text.libgcc.builtins
                0x000026a8        0x0 /usr/lib/gcc/avr/11.2.0/avr5/libgcc.a(_epilogue.o)
 .text.libgcc.fmul
                0x000026a8        0x0 /usr/lib/gcc/avr/11.2.0/avr5/libgcc.a(_epilogue.o)
 .text.libgcc.fixed
                0x000026a8        0x0 /usr/lib/gcc/avr/11.2.0/avr5/libgcc.a(_epilogue.o)
                0x000026a8                        . = ALIGN (0x2)
 *(.fini9)
 .fini9         0x000026a8        0x0 /usr/lib/gcc/avr/11.2.0/avr5/libgcc.a(_exit.o)
                0x000026a8                exit
                0x000026a8                _exit
 *(.fini9)
 *(.fini8)
 *(.fini8)
 *(.fini7)
 *(.fini7)
 *(.fini6)
 .fini6         0x000026a8       0x16 /usr/lib/gcc/avr/11.2.0/avr5/libgcc.a(_dtors.o)
                0x000026a8                __do_global_dtors
 *(.fini6)
 *(.fini5)
 *(.fini5)
 *(.fini4)
 *(.fini4)
 *(.fini3)
 *(.fini3)
 *(.fini2)
 *(.fini2)
 *(.fini1)
 *(.fini1)
 *(.fini0)
 .fini0         0x000026be        0x4 /usr/lib/gcc/avr/11.2.0/avr5/libgcc.a(_exit.o)
 *(.fini0)
 *(.hightext)
 *(.hightext*)
 *(.progmemx.*)
                0x000026c2                        . = ALIGN (0x2)
 *(.jumptables)
 *(.jumptables*)
 .jumptables.gcc._Z12afficherCoinh
                0x000026c2       0x10 main.o
                0x000026d2                        _etext = .

.data           0x00800100      0x190 load address 0x000026d2
                0x00800100                        PROVIDE (__data_start = .)
 *(.data)
 .data          0x00800100        0x0 /usr/lib/gcc/avr/11.2.0/../../../../avr/lib/avr5/crtatmega324pa.o
 .data          0x00800100        0x3 main.o
                0x00800100                colonne
                0x00800101                ligne
                0x00800102                boutonValidation
 .data          0x00800103        0x0 ../lib//libstat.a(Bouton.o)
 .data          0x00800103        0x0 ../lib//libstat.a(can.o)
 .data          0x00800103        0x0 ../lib//libstat.a(Carte.o)
 .data          0x00800103        0x0 ../lib//libstat.a(lcm_so1602dtr_m_fw.o)
 .data          0x00800103        0x0 ../lib//libstat.a(Point.o)
 .data          0x00800103        0x0 ../lib//libstat.a(Robot.o)
 .data          0x00800103        0x0 ../lib//libstat.a(Arc.o)
 .data          0x00800103        0x0 ../lib//libstat.a(CapteurInfraRouge.o)
 .data          0x00800103        0x0 ../lib//libstat.a(CapteurMakerLine.o)
 .data          0x00800103        0x0 ../lib//libstat.a(customprocs.o)
 .data          0x00800103        0x0 ../lib//libstat.a(lcm_so1602dtr_m.o)
 .data          0x00800103        0x0 ../lib//libstat.a(Led.o)
 .data          0x00800103        0x0 ../lib//libstat.a(Minuterie.o)
 .data          0x00800103        0x0 ../lib//libstat.a(Moteur.o)
 .data          0x00800103        0x0 /usr/lib/gcc/avr/11.2.0/avr5/libgcc.a(_udivmodhi4.o)
 .data          0x00800103        0x0 /usr/lib/gcc/avr/11.2.0/avr5/libgcc.a(_exit.o)
 .data          0x00800103        0x0 /usr/lib/gcc/avr/11.2.0/avr5/libgcc.a(_tablejump2.o)
 .data          0x00800103        0x0 /usr/lib/gcc/avr/11.2.0/avr5/libgcc.a(_copy_data.o)
 .data          0x00800103        0x0 /usr/lib/gcc/avr/11.2.0/avr5/libgcc.a(_clear_bss.o)
 .data          0x00800103        0x0 /usr/lib/gcc/avr/11.2.0/avr5/libgcc.a(_ctors.o)
 .data          0x00800103        0x0 /usr/lib/gcc/avr/11.2.0/avr5/libgcc.a(_dtors.o)
 .data          0x00800103        0x6 /usr/lib/gcc/avr/11.2.0/../../../../avr/lib/avr5/libc.a(malloc.o)
                0x00800103                __malloc_heap_end
                0x00800105                __malloc_heap_start
                0x00800107                __malloc_margin
 .data          0x00800109        0x0 /usr/lib/gcc/avr/11.2.0/../../../../avr/lib/avr5/libc.a(sprintf.o)
 .data          0x00800109        0x0 /usr/lib/gcc/avr/11.2.0/../../../../avr/lib/avr5/libc.a(vfprintf_std.o)
 .data          0x00800109        0x0 /usr/lib/gcc/avr/11.2.0/../../../../avr/lib/avr5/libc.a(strnlen_P.o)
 .data          0x00800109        0x0 /usr/lib/gcc/avr/11.2.0/../../../../avr/lib/avr5/libc.a(strnlen.o)
 .data          0x00800109        0x0 /usr/lib/gcc/avr/11.2.0/../../../../avr/lib/avr5/libc.a(fputc.o)
 .data          0x00800109        0x0 /usr/lib/gcc/avr/11.2.0/../../../../avr/lib/avr5/libc.a(ultoa_invert.o)
 .data          0x00800109        0x0 /usr/lib/gcc/avr/11.2.0/avr5/libgcc.a(_prologue.o)
 .data          0x00800109        0x0 /usr/lib/gcc/avr/11.2.0/avr5/libgcc.a(_epilogue.o)
 *(.data*)
 *(.gnu.linkonce.d*)
 *(.rodata)
 .rodata        0x00800109      0x118 ../lib//libstat.a(Carte.o)
 *(.rodata*)
 .rodata.str1.1
                0x00800221       0x55 main.o
                                 0x59 (size before relaxing)
 .rodata.str1.1
                0x00800276        0x9 ../lib//libstat.a(lcm_so1602dtr_m_fw.o)
 .rodata.str1.1
                0x0080027f       0x11 ../lib//libstat.a(customprocs.o)
 *(.gnu.linkonce.r*)
                0x00800290                        . = ALIGN (0x2)
                0x00800290                        _edata = .
                0x00800290                        PROVIDE (__data_end = .)

.bss            0x00800290       0x3d
                0x00800290                        PROVIDE (__bss_start = .)
 *(.bss)
 .bss           0x00800290        0x0 /usr/lib/gcc/avr/11.2.0/../../../../avr/lib/avr5/crtatmega324pa.o
 .bss           0x00800290       0x39 main.o
                0x00800290                afficheur
                0x0080029a                bouton
                0x0080029b                robot
                0x008002c0                stringColonne
                0x008002c2                stringLigne
                0x008002c4                validation
                0x008002c5                boutonSelection
                0x008002c6                boutonInterruption
                0x008002c7                gActivationLed
                0x008002c8                compteur8Led
 .bss           0x008002c9        0x0 ../lib//libstat.a(Bouton.o)
 .bss           0x008002c9        0x0 ../lib//libstat.a(can.o)
 .bss           0x008002c9        0x0 ../lib//libstat.a(Carte.o)
 .bss           0x008002c9        0x0 ../lib//libstat.a(lcm_so1602dtr_m_fw.o)
 .bss           0x008002c9        0x0 ../lib//libstat.a(Point.o)
 .bss           0x008002c9        0x0 ../lib//libstat.a(Robot.o)
 .bss           0x008002c9        0x0 ../lib//libstat.a(Arc.o)
 .bss           0x008002c9        0x0 ../lib//libstat.a(CapteurInfraRouge.o)
 .bss           0x008002c9        0x0 ../lib//libstat.a(CapteurMakerLine.o)
 .bss           0x008002c9        0x0 ../lib//libstat.a(customprocs.o)
 .bss           0x008002c9        0x0 ../lib//libstat.a(lcm_so1602dtr_m.o)
 .bss           0x008002c9        0x0 ../lib//libstat.a(Led.o)
 .bss           0x008002c9        0x0 ../lib//libstat.a(Minuterie.o)
 .bss           0x008002c9        0x0 ../lib//libstat.a(Moteur.o)
 .bss           0x008002c9        0x0 /usr/lib/gcc/avr/11.2.0/avr5/libgcc.a(_udivmodhi4.o)
 .bss           0x008002c9        0x0 /usr/lib/gcc/avr/11.2.0/avr5/libgcc.a(_exit.o)
 .bss           0x008002c9        0x0 /usr/lib/gcc/avr/11.2.0/avr5/libgcc.a(_tablejump2.o)
 .bss           0x008002c9        0x0 /usr/lib/gcc/avr/11.2.0/avr5/libgcc.a(_copy_data.o)
 .bss           0x008002c9        0x0 /usr/lib/gcc/avr/11.2.0/avr5/libgcc.a(_clear_bss.o)
 .bss           0x008002c9        0x0 /usr/lib/gcc/avr/11.2.0/avr5/libgcc.a(_ctors.o)
 .bss           0x008002c9        0x0 /usr/lib/gcc/avr/11.2.0/avr5/libgcc.a(_dtors.o)
 .bss           0x008002c9        0x4 /usr/lib/gcc/avr/11.2.0/../../../../avr/lib/avr5/libc.a(malloc.o)
                0x008002c9                __flp
                0x008002cb                __brkval
 .bss           0x008002cd        0x0 /usr/lib/gcc/avr/11.2.0/../../../../avr/lib/avr5/libc.a(sprintf.o)
 .bss           0x008002cd        0x0 /usr/lib/gcc/avr/11.2.0/../../../../avr/lib/avr5/libc.a(vfprintf_std.o)
 .bss           0x008002cd        0x0 /usr/lib/gcc/avr/11.2.0/../../../../avr/lib/avr5/libc.a(strnlen_P.o)
 .bss           0x008002cd        0x0 /usr/lib/gcc/avr/11.2.0/../../../../avr/lib/avr5/libc.a(strnlen.o)
 .bss           0x008002cd        0x0 /usr/lib/gcc/avr/11.2.0/../../../../avr/lib/avr5/libc.a(fputc.o)
 .bss           0x008002cd        0x0 /usr/lib/gcc/avr/11.2.0/../../../../avr/lib/avr5/libc.a(ultoa_invert.o)
 .bss           0x008002cd        0x0 /usr/lib/gcc/avr/11.2.0/avr5/libgcc.a(_prologue.o)
 .bss           0x008002cd        0x0 /usr/lib/gcc/avr/11.2.0/avr5/libgcc.a(_epilogue.o)
 *(.bss*)
 *(COMMON)
                0x008002cd                        PROVIDE (__bss_end = .)
                0x000026d2                        __data_load_start = LOADADDR (.data)
                0x00002862                        __data_load_end = (__data_load_start + SIZEOF (.data))

.noinit         0x008002cd        0x0
                [!provide]                        PROVIDE (__noinit_start = .)
 *(.noinit .noinit.* .gnu.linkonce.n.*)
                [!provide]                        PROVIDE (__noinit_end = .)
                0x008002cd                        _end = .
                0x008002cd                        PROVIDE (__heap_start = .)

.eeprom         0x00810000        0x0
 *(.eeprom*)
                0x00810000                        __eeprom_end = .

.fuse
 *(.fuse)
 *(.lfuse)
 *(.hfuse)
 *(.efuse)

.lock
 *(.lock*)

.signature
 *(.signature*)

.stab           0x00000000     0x5cf4
 *(.stab)
 .stab          0x00000000      0xc54 main.o
 .stab          0x00000c54      0x378 ../lib//libstat.a(Bouton.o)
                                0x384 (size before relaxing)
 .stab          0x00000fcc      0x1e0 ../lib//libstat.a(can.o)
                                0x1ec (size before relaxing)
 .stab          0x000011ac      0x564 ../lib//libstat.a(Carte.o)
                                0x570 (size before relaxing)
 .stab          0x00001710      0xa98 ../lib//libstat.a(lcm_so1602dtr_m_fw.o)
                                0xaa4 (size before relaxing)
 .stab          0x000021a8      0x1d4 ../lib//libstat.a(Point.o)
                                0x1e0 (size before relaxing)
 .stab          0x0000237c     0x13c8 ../lib//libstat.a(Robot.o)
                               0x13d4 (size before relaxing)
 .stab          0x00003744      0x270 ../lib//libstat.a(Arc.o)
                                0x27c (size before relaxing)
 .stab          0x000039b4      0x3a8 ../lib//libstat.a(CapteurInfraRouge.o)
                                0x3b4 (size before relaxing)
 .stab          0x00003d5c      0x66c ../lib//libstat.a(CapteurMakerLine.o)
                                0x678 (size before relaxing)
 .stab          0x000043c8      0x2c4 ../lib//libstat.a(customprocs.o)
                                0x2d0 (size before relaxing)
 .stab          0x0000468c      0x6fc ../lib//libstat.a(lcm_so1602dtr_m.o)
                                0x708 (size before relaxing)
 .stab          0x00004d88      0x4c8 ../lib//libstat.a(Led.o)
                                0x4d4 (size before relaxing)
 .stab          0x00005250      0x36c ../lib//libstat.a(Minuterie.o)
                                0x378 (size before relaxing)
 .stab          0x000055bc      0x738 ../lib//libstat.a(Moteur.o)
                                0x744 (size before relaxing)

.stabstr        0x00000000     0xb8fa
 *(.stabstr)
 .stabstr       0x00000000     0xb8fa main.o

.stab.excl
 *(.stab.excl)

.stab.exclstr
 *(.stab.exclstr)

.stab.index
 *(.stab.index)

.stab.indexstr
 *(.stab.indexstr)

.comment        0x00000000       0x23
 *(.comment)
 .comment       0x00000000       0x23 main.o
                                 0x24 (size before relaxing)
 .comment       0x00000023       0x24 ../lib//libstat.a(Bouton.o)
 .comment       0x00000023       0x24 ../lib//libstat.a(can.o)
 .comment       0x00000023       0x24 ../lib//libstat.a(Carte.o)
 .comment       0x00000023       0x24 ../lib//libstat.a(lcm_so1602dtr_m_fw.o)
 .comment       0x00000023       0x24 ../lib//libstat.a(Point.o)
 .comment       0x00000023       0x24 ../lib//libstat.a(Robot.o)
 .comment       0x00000023       0x24 ../lib//libstat.a(Arc.o)
 .comment       0x00000023       0x24 ../lib//libstat.a(CapteurInfraRouge.o)
 .comment       0x00000023       0x24 ../lib//libstat.a(CapteurMakerLine.o)
 .comment       0x00000023       0x24 ../lib//libstat.a(customprocs.o)
 .comment       0x00000023       0x24 ../lib//libstat.a(lcm_so1602dtr_m.o)
 .comment       0x00000023       0x24 ../lib//libstat.a(Led.o)
 .comment       0x00000023       0x24 ../lib//libstat.a(Minuterie.o)
 .comment       0x00000023       0x24 ../lib//libstat.a(Moteur.o)
 .comment       0x00000023       0x24 /usr/lib/gcc/avr/11.2.0/../../../../avr/lib/avr5/libc.a(malloc.o)
 .comment       0x00000023       0x24 /usr/lib/gcc/avr/11.2.0/../../../../avr/lib/avr5/libc.a(sprintf.o)
 .comment       0x00000023       0x24 /usr/lib/gcc/avr/11.2.0/../../../../avr/lib/avr5/libc.a(vfprintf_std.o)
 .comment       0x00000023       0x24 /usr/lib/gcc/avr/11.2.0/../../../../avr/lib/avr5/libc.a(fputc.o)

.note.gnu.avr.deviceinfo
                0x00000000       0x40
 .note.gnu.avr.deviceinfo
                0x00000000       0x40 /usr/lib/gcc/avr/11.2.0/../../../../avr/lib/avr5/crtatmega324pa.o

.note.gnu.build-id
 *(.note.gnu.build-id)

.debug
 *(.debug)

.line
 *(.line)

.debug_srcinfo
 *(.debug_srcinfo)

.debug_sfnames
 *(.debug_sfnames)

.debug_aranges
 *(.debug_aranges)

.debug_pubnames
 *(.debug_pubnames)

.debug_info     0x00000000      0x6cc
 *(.debug_info .gnu.linkonce.wi.*)
 .debug_info    0x00000000      0x6cc /usr/lib/gcc/avr/11.2.0/../../../../avr/lib/avr5/crtatmega324pa.o

.debug_abbrev   0x00000000      0x66e
 *(.debug_abbrev)
 .debug_abbrev  0x00000000      0x66e /usr/lib/gcc/avr/11.2.0/../../../../avr/lib/avr5/crtatmega324pa.o

.debug_line     0x00000000       0x1d
 *(.debug_line .debug_line.* .debug_line_end)
 .debug_line    0x00000000       0x1d /usr/lib/gcc/avr/11.2.0/../../../../avr/lib/avr5/crtatmega324pa.o

.debug_frame
 *(.debug_frame)

.debug_str      0x00000000      0x255
 *(.debug_str)
 .debug_str     0x00000000      0x255 /usr/lib/gcc/avr/11.2.0/../../../../avr/lib/avr5/crtatmega324pa.o

.debug_loc
 *(.debug_loc)

.debug_macinfo
 *(.debug_macinfo)

.debug_weaknames
 *(.debug_weaknames)

.debug_funcnames
 *(.debug_funcnames)

.debug_typenames
 *(.debug_typenames)

.debug_varnames
 *(.debug_varnames)

.debug_pubtypes
 *(.debug_pubtypes)

.debug_ranges
 *(.debug_ranges)

.debug_addr
 *(.debug_addr)

.debug_line_str
 *(.debug_line_str)

.debug_loclists
 *(.debug_loclists)

.debug_macro
 *(.debug_macro)

.debug_names
 *(.debug_names)

.debug_rnglists
 *(.debug_rnglists)

.debug_str_offsets
 *(.debug_str_offsets)

.debug_sup
 *(.debug_sup)
OUTPUT(test.out elf32-avr)
LOAD linker stubs
